Γû▓ Next.js 16.2.1 (Turbopack)
- Environments: .env

node : ΓÜá The "middleware" file convention is deprecated. Please use "proxy" instead. Learn more: 
https://nextjs.org/docs/messages/middleware-to-proxy
At line:1 char:1
+ node node_modules/next/dist/bin/next build > build_output.log 2>&1 ;  ...
+ ~~~~~~~~~~~~~~~~~~~~~~~~~~~~~~~~~~~~~~~~~~~~~~~~~~~~~~~~~~~~~~~~~~
    + CategoryInfo          : NotSpecified: (ΓÜá The "middle...leware-to-proxy:String) [], RemoteException
    + FullyQualifiedErrorId : NativeCommandError
 
  Creating an optimized production build ...
Γ£ô Compiled successfully in 13.6s
  Running TypeScript ...
Failed to type check.

./src/components/analytics/AnalyticsPage.tsx:480:5
Type error: Argument of type '"month" | "week" | "digest"' is not assignable to parameter of type '"month" | "week"'.
  Type '"digest"' is not assignable to type '"month" | "week"'.

  [90m478 |[0m
  [90m479 |[0m   useCharts(
[31m[1m>[0m [90m480 |[0m     tab,
  [90m    |[0m     [31m[1m^[0m
  [90m481 |[0m     {
  [90m482 |[0m        labels: weekLabels,
  [90m483 |[0m        planned: plannedData,
Next.js build worker exited with code: 1 and signal: null
